
--- Launching stage3_final_alignment at 2026-09-28 07:38:18 ---

================================================================================
[stage3_final_alignment: Calibration] Speaker-Disjoint Calibration on cuda (NVIDIA RTX A5000)
================================================================================
[Tokenizer] Loaded vocabulary with 105 tokens
[Model] Loading MoE model from: runs\no-splitformer-moe-only\checkpoints\stage2_moe\best_model.pt
D:\marathi-asr\.venv\Lib\site-packages\torch\nn\modules\module.py:1329: UserWarning: expandable_segments not supported on this platform (Triggered internally at C:\actions-runner\_work\pytorch\pytorch\pytorch\c10/cuda/CUDAAllocatorConfig.h:28.)
  return t.to(
[Freezing Strategy] Freezing acoustic backbone Layers 1-4...
[Parameters] Calibrating 24,843,137 / 32,838,529 parameters (75.7%)
[Data] Loading strictly held-out calibration split (133 unseen speakers)...
[Dataset] Loading cached speaker split from: moe\respin_split_cache.json
[Data] Partition verified: 41,041 utterances (54.3 hours) across 133 disjoint speakers
[stage3_final_alignment] Telemetry initialized.
  - Checkpoints: D:\marathi-asr\runs\no-splitformer-moe-only\checkpoints\stage3_final_alignment
  - CSV Logging: D:\marathi-asr\runs\no-splitformer-moe-only\csvs\stage3_final_alignment_metrics.csv
  - JSONL Trace: D:\marathi-asr\runs\no-splitformer-moe-only\logs\stage3_final_alignment_telemetry.jsonl

[stage3_final_alignment] Commencing Calibration Sweep (Target Steps: 10000, Batch: 64, LR: 3.0e-05 -> 5.0e-06)
  Checkpoints: 'D:\marathi-asr\runs\no-splitformer-moe-only\checkpoints\stage3_final_alignment'
  Metrics CSV: 'D:\marathi-asr\runs\no-splitformer-moe-only\csvs\stage3_final_alignment_metrics.csv'

Step     1/10000 | Stage 5 Calib | CTC Loss: 1.4617 | CER: 0.330 | Throughput:  52.2 aud-s/s | LR: 0.00e+00
  [Ref ]: यंत्रा कशी वापरूची ?...
  [Pred]: एक कशी ापरूची ?...

Step    25/10000 | Stage 5 Calib | CTC Loss: 1.1661 | CER: 0.196 | Throughput: 524.7 aud-s/s | LR: 1.80e-06
  [Ref ]: व्हते...
  [Pred]: वहते...

Step    50/10000 | Stage 5 Calib | CTC Loss: 1.1171 | CER: 0.185 | Throughput: 536.7 aud-s/s | LR: 3.75e-06
  [Ref ]: हवामान बदलाचो पिकावर खयचो परिणाम होता ?...
  [Pred]: हवामान दलाच्या पिकांवर खयच्या परिणाम होता ?...

Step    75/10000 | Stage 5 Calib | CTC Loss: 1.0168 | CER: 0.174 | Throughput: 852.4 aud-s/s | LR: 5.55e-06
  [Ref ]: कर्ज परतफेडीची मुदत किती दिवसांची असते ?...
  [Pred]: कर्जापरतफेडीची मुदत किती दिवसांची असते ?...

Step   100/10000 | Stage 5 Calib | CTC Loss: 0.9376 | CER: 0.193 | Throughput: 951.2 aud-s/s | LR: 7.50e-06
  [Ref ]: कमी खर्चात ऊसाचे अधिक उत्पादन घेण्यासाठी कोणते खत वापरावे ?...
  [Pred]: कमी खर्च तोडण्याचे अधिक उत्पादन घेण्यासाठी कोणत खत वापरावे ?...

Step   125/10000 | Stage 5 Calib | CTC Loss: 0.9596 | CER: 0.378 | Throughput: 475.8 aud-s/s | LR: 9.30e-06
  [Ref ]: फिक्स डिपॉझिट कायले म्हनते ?...
  [Pred]: पिक्सिल पार्े के काय ?...

Step   150/10000 | Stage 5 Calib | CTC Loss: 0.8256 | CER: 0.198 | Throughput: 785.9 aud-s/s | LR: 1.13e-05
  [Ref ]: बोंडअळीवर गोमूत्र फवारणी केली तर फायदा होतो का ?...
  [Pred]: बोनअळीवर गमूठ्या फवारले केले तर फायदा होतो  ?...

Step   175/10000 | Stage 5 Calib | CTC Loss: 0.8716 | CER: 0.218 | Throughput: 789.4 aud-s/s | LR: 1.31e-05
  [Ref ]: शेंगांची लागवड केल्यामुळे जमिनीची सुपीकता वाढते...
  [Pred]: सेंगांची लागड केल्यामुळे जमिनीची सुपीकता वाढते...

Step   200/10000 | Stage 5 Calib | CTC Loss: 0.8094 | CER: 0.231 | Throughput: 182.7 aud-s/s | LR: 1.50e-05
  [Ref ]: ह्या येळेक पीक कमी इल्यामुळे उधार धोका मोठो आसा...
  [Pred]: याईळे पीक कमी इेण्यावुळे उदार्दोका मोठा सा...

Step   225/10000 | Stage 5 Calib | CTC Loss: 0.8028 | CER: 0.258 | Throughput: 286.5 aud-s/s | LR: 1.68e-05
  [Ref ]: कर्जाचो व्याज कीती असताला ?...
  [Pred]: कर्जाची व्याज कीती असता??? ?...

Step   250/10000 | Stage 5 Calib | CTC Loss: 1.0003 | CER: 0.429 | Throughput: 590.6 aud-s/s | LR: 1.88e-05
  [Ref ]: वस्तू खरेदीदाराने दिलेले पैसे...
  [Pred]: वसबु खततीपाने दिलेले पैसे...

Step   275/10000 | Stage 5 Calib | CTC Loss: 0.9158 | CER: 0.338 | Throughput: 916.9 aud-s/s | LR: 2.06e-05
  [Ref ]: दुधाच्या गायीसाठी चांगला खुराक कोनचा ?...
  [Pred]: धाच्या गाईीसाठी चांगला काग कन? ?...

Step   300/10000 | Stage 5 Calib | CTC Loss: 0.7842 | CER: 0.186 | Throughput: 177.4 aud-s/s | LR: 2.25e-05
  [Ref ]: व्यक्ती , व्यावसायिक संस्था आणि सरकार यांना आर्थिक सेवा आवश्यक असतात...
  [Pred]: व्क्ती व्यावसयक संस्था आणि सरकार यांना आर्थिक सेवा आवश्यक असता...

Step   325/10000 | Stage 5 Calib | CTC Loss: 0.7435 | CER: 0.366 | Throughput: 258.6 aud-s/s | LR: 2.43e-05
  [Ref ]: के.वाय.सी म्हंजे काय ?...
  [Pred]: ब.सी म्हजे काय?? ?...

Step   350/10000 | Stage 5 Calib | CTC Loss: 0.8958 | CER: 0.245 | Throughput: 509.9 aud-s/s | LR: 2.63e-05
  [Ref ]: कर्जाचे ऑनलाईन फारम भरासाठी मले कोंते कागद लागन ?...
  [Pred]: कर्जाचा ऑनाईन फार्म भरासठी मले कोंते कगदा लागन ? ?...

Step   375/10000 | Stage 5 Calib | CTC Loss: 0.7948 | CER: 0.252 | Throughput: 915.6 aud-s/s | LR: 2.81e-05
  [Ref ]: सुपारीचे पीक कोणत्या मातीत चांगल्या प्रकारे घेता येईल ?...
  [Pred]: सुकारीच्य पीक कोणत्या मातीत चांगल्या प्रकारे घेता येईल ???? ?...

Step   400/10000 | Stage 5 Calib | CTC Loss: 0.7987 | CER: 0.214 | Throughput: 164.3 aud-s/s | LR: 3.00e-05
  [Ref ]: डुकरांच्या उच्च प्रजननक्षमतेमुळे डुकराचे संगोपन फायदेशीर ठरते...
  [Pred]: डुकांच्या उत्च प्रजनन क्शमतरमळे डुकराचे संगोपन फायदेशीर ठते...

Step   425/10000 | Stage 5 Calib | CTC Loss: 0.8433 | CER: 0.459 | Throughput: 524.7 aud-s/s | LR: 3.00e-05
  [Ref ]: आर.टी.जी.एस म्हंजे काय होते ?...
  [Pred]: आर..न. जयएसे का यहते ??? ?...

Step   450/10000 | Stage 5 Calib | CTC Loss: 0.9175 | CER: 0.355 | Throughput: 719.1 aud-s/s | LR: 3.00e-05
  [Ref ]: हिवाळ्यात तांदळाचे पीक घेतले जाते का ?...
  [Pred]: हिवरीत तंदळाचे पिक वेकली जाते का ? ?...

Step   475/10000 | Stage 5 Calib | CTC Loss: 0.8574 | CER: 0.296 | Throughput: 926.3 aud-s/s | LR: 3.00e-05
  [Ref ]: शेततळ्यात मासे उत्पादन केल्यास चांगला भाव मिळतो का ?...
  [Pred]: शेततळ्यात कचे उत्पादन केल्यास चांगला भाव मिळतो का ???? ?...

Step   500/10000 | Stage 5 Calib | CTC Loss: 0.8279 | CER: 0.381 | Throughput: 653.9 aud-s/s | LR: 3.00e-05
  [Ref ]: मले दसऱ्यासाठी कर्ज भेटन का ?...
  [Pred]: मले दिस्यासाठी कर्ज भेटन का ????????...

  🌟 New Best Model! cer = 0.3812 (Saved to best_model.pt)
  [Checkpoint] Step 500 saved to runs\no-splitformer-moe-only\checkpoints\stage3_final_alignment
Step   525/10000 | Stage 5 Calib | CTC Loss: 0.8437 | CER: 0.365 | Throughput: 469.0 aud-s/s | LR: 3.00e-05
  [Ref ]: लोहरी कधी आहे ?...
  [Pred]: नवअरीक कधी आहे ?? ?...

Step   550/10000 | Stage 5 Calib | CTC Loss: 0.8482 | CER: 0.186 | Throughput: 603.8 aud-s/s | LR: 3.00e-05
  [Ref ]: गाडयेक कर्ज मेलतला काय ?...
  [Pred]: गाडेक कर्ज मेलाला काय ????? ?...

Step   575/10000 | Stage 5 Calib | CTC Loss: 0.8340 | CER: 0.260 | Throughput: 565.8 aud-s/s | LR: 3.00e-05
  [Ref ]: जास्त पाऊस असला त शेतीमंदी काय उपाययोजना करा लागन ?...
  [Pred]: जास्त पाऊस असला तर शेतीमया काय उपाययोजना करालेका ? ?...

Step   600/10000 | Stage 5 Calib | CTC Loss: 0.8297 | CER: 0.160 | Throughput: 161.7 aud-s/s | LR: 3.00e-05
  [Ref ]: मनी ऑर्डर प्रणाली ग्रेट ब्रिटनमधल्या येका खाजगी कंपनींन स्थापित केलेली...
  [Pred]: मनीवऑर्डर प्रणाली ग्रेटबिटन मधल्या एका खाजगी कंपनी स्थापिक केतली होती...

